Command: C:\Users\gurya\Espressif\python_env\idf5.5_py3.11_env\Scripts\python.exe C:\Users\gurya\esp\v5.5.1\esp-idf\tools/idf_monitor.py -p COM5 -b 115200 --toolchain-prefix xtensa-esp32-elf- --target esp32 --revision 0 C:\ENGG3000\Engg-Systems-Team\build\Engg-Systems-Team.elf C:\ENGG3000\Engg-Systems-Team\build\bootloader\bootloader.elf --force-color -m 'C:\Users\gurya\Espressif\python_env\idf5.5_py3.11_env\Scripts\python.exe' 'C:\Users\gurya\esp\v5.5.1\esp-idf\tools\idf.py' '-p' 'COM5'
ets Jul 29 2019 12:21:46

rst:0x1 (POWERON_RESETï¿½ets Jul 29 2019 12:21:46

rst:0x1 (POWERON_RESET),boot:0x13 (SPI_FAST_FLASH_BOOT)
configsip: 0, SPIWP:0xee
clk_drv:0x00,q_drv:0x00,d_drv:0x00,cs0_drv:0x00,hd_drv:0x00,wp_drv:0x00
mode:DIO, clock div:2
load:0x3fff0030,len:6380
ho 0 tail 12 room 4
load:0x40078000,len:15916
load:0x40080400,len:3860
entry 0x40080638
[0;32mI (29) boot: ESP-IDF v5.5.1 2nd stage bootloader[0m
[0;32mI (29) boot: compile time Oct 28 2025 00:35:03[0m
[0;32mI (29) boot: Multicore bootloader[0m
[0;32mI (31) boot: chip revision: v3.1[0m
[0;32mI (33) boot.esp32: SPI Speed      : 40MHz[0m
[0;32mI (37) boot.esp32: SPI Mode       : DIO[0m
[0;32mI (41) boot.esp32: SPI Flash Size : 2MB[0m
[0;32mI (44) boot: Enabling RNG early entropy source...[0m
[0;32mI (49) boot: Partition Table:[0m
[0;32mI (51) boot: ## Label            Usage          Type ST Offset   Length[0m
[0;32mI (58) boot:  0 nvs              WiFi data        01 02 00009000 00006000[0m
[0;32mI (64) boot:  1 phy_init         RF data          01 01 0000f000 00001000[0m
[0;32mI (71) boot:  2 factory          factory app      00 00 00010000 00100000[0m
[0;32mI (77) boot: End of partition table[0m
[0;32mI (81) esp_image: segment 0: paddr=00010020 vaddr=3f400020 size=09a78h ( 39544) map[0m
[0;32mI (102) esp_image: segment 1: paddr=00019aa0 vaddr=3ffb0000 size=023d8h (  9176) load[0m
[0;32mI (105) esp_image: segment 2: paddr=0001be80 vaddr=40080000 size=04198h ( 16792) load[0m
[0;32mI (112) esp_image: segment 3: paddr=00020020 vaddr=400d0020 size=13514h ( 79124) map[0m
[0;32mI (140) esp_image: segment 4: paddr=0003353c vaddr=40084198 size=08e18h ( 36376) load[0m
[0;32mI (154) esp_image: segment 5: paddr=0003c35c vaddr=50000000 size=00020h (    32) load[0m
[0;32mI (161) boot: Loaded app from partition at offset 0x10000[0m
[0;32mI (161) boot: Disabling RNG early entropy source...[0m
[0;32mI (172) cpu_start: Multicore app[0m
[0;32mI (181) cpu_start: Pro cpu start user code[0m
[0;32mI (181) cpu_start: cpu freq: 160000000 Hz[0m
[0;32mI (181) app_init: Application information:[0m
[0;32mI (181) app_init: Project name:     Engg-Systems-Team[0m
[0;32mI (186) app_init: App version:      5b1840b-dirty[0m
[0;32mI (190) app_init: Compile time:     Oct 28 2025 00:34:48[0m
[0;32mI (195) app_init: ELF file SHA256:  d487e4ce0...[0m
[0;32mI (200) app_init: ESP-IDF:          v5.5.1[0m
[0;32mI (203) efuse_init: Min chip rev:     v0.0[0m
[0;32mI (207) efuse_init: Max chip rev:     v3.99 [0m
[0;32mI (211) efuse_init: Chip rev:         v3.1[0m
[0;32mI (215) heap_init: Initializing. RAM available for dynamic allocation:[0m
[0;32mI (222) heap_init: At 3FFAE6E0 len 00001920 (6 KiB): DRAM[0m
[0;32mI (227) heap_init: At 3FFB2CA0 len 0002D360 (180 KiB): DRAM[0m
[0;32mI (232) heap_init: At 3FFE0440 len 00003AE0 (14 KiB): D/IRAM[0m
[0;32mI (237) heap_init: At 3FFE4350 len 0001BCB0 (111 KiB): D/IRAM[0m
[0;32mI (243) heap_init: At 4008CFB0 len 00013050 (76 KiB): IRAM[0m
[0;32mI (249) spi_flash: detected chip: generic[0m
[0;32mI (252) spi_flash: flash io: dio[0m
[0;33mW (255) spi_flash: Detected size(4096k) larger than the size in the binary image header(2048k). Using the size in the binary image header.[0m
[0;32mI (267) main_task: Started on CPU0[0m
[0;32mI (277) main_task: Calling app_main()[0m
[0;32mI (277) LISTENER_APP: C++ Application Started Successfully! Starting listener loop...[0m
[0;32mI (277) LISTENER_APP: Listener Running. Count: 0[0m
[0;32mI (3277) LISTENER_APP: Listener Running. Count: 1[0m
[0;32mI (6277) LISTENER_APP: Listener Running. Count: 2[0m
[0;32mI (9277) LISTENER_APP: Listener Running. Count: 3[0m
[0;32mI (12277) LISTENER_APP: Listener Running. Count: 4[0m
[0;32mI (15277) LISTENER_APP: Listener Running. Count: 5[0m
[0;32mI (18277) LISTENER_APP: Listener Running. Count: 6[0m
[0;32mI (21277) LISTENER_APP: Listener Running. Count: 7[0m
[0;32mI (24277) LISTENER_APP: Listener Running. Count: 8[0m
[0;32mI (27277) LISTENER_APP: Listener Running. Count: 9[0m
[0;32mI (30277) LISTENER_APP: Listener Running. Count: 10[0m
[0;32mI (33277) LISTENER_APP: Listener Running. Count: 11[0m
[0;32mI (36277) LISTENER_APP: Listener Running. Count: 12[0m
[0;32mI (39277) LISTENER_APP: Listener Running. Count: 13[0m
[0;32mI (42277) LISTENER_APP: Listener Running. Count: 14[0m
[0;32mI (45277) LISTENER_APP: Listener Running. Count: 15[0m
[0;32mI (48277) LISTENER_APP: Listener Running. Count: 16[0m
[0;32mI (51277) LISTENER_APP: Listener Running. Count: 17[0m
[0;32mI (54277) LISTENER_APP: Listener Running. Count: 18[0m
[0;32mI (57277) LISTENER_APP: Listener Running. Count: 19[0m
[0;32mI (60277) LISTENER_APP: Listener Running. Count: 20[0m
[0;32mI (63277) LISTENER_APP: Listener Running. Count: 21[0m
[0;32mI (66277) LISTENER_APP: Listener Running. Count: 22[0m
[0;32mI (69277) LISTENER_APP: Listener Running. Count: 23[0m
[0;32mI (72277) LISTENER_APP: Listener Running. Count: 24[0m
[0;32mI (75277) LISTENER_APP: Listener Running. Count: 25[0m
[0;32mI (78277) LISTENER_APP: Listener Running. Count: 26[0m
[0;32mI (81277) LISTENER_APP: Listener Running. Count: 27[0m
[0;32mI (84277) LISTENER_APP: Listener Running. Count: 28[0m
[0;32mI (87277) LISTENER_APP: Listener Running. Count: 29[0m
[0;32mI (90277) LISTENER_APP: Listener Running. Count: 30[0m
[0;32mI (93277) LISTENER_APP: Listener Running. Count: 31[0m
[0;32mI (96277) LISTENER_APP: Listener Running. Count: 32[0m
[0;32mI (99277) LISTENER_APP: Listener Running. Count: 33[0m
[0;32mI (102277) LISTENER_APP: Listener Running. Count: 34[0m
[0;32mI (105277) LISTENER_APP: Listener Running. Count: 35[0m
[0;32mI (108277) LISTENER_APP: Listener Running. Count: 36[0m
[0;32mI (111277) LISTENER_APP: Listener Running. Count: 37[0m
[0;32mI (114277) LISTENER_APP: Listener Running. Count: 38[0m
[0;32mI (117277) LISTENER_APP: Listener Running. Count: 39[0m
[0;32mI (120277) LISTENER_APP: Listener Running. Count: 40[0m
[0;32mI (123277) LISTENER_APP: Listener Running. Count: 41[0m
[0;32mI (126277) LISTENER_APP: Listener Running. Count: 42[0m
[0;32mI (129277) LISTENER_APP: Listener Running. Count: 43[0m
[0;32mI (132277) LISTENER_APP: Listener Running. Count: 44[0m
[0;32mI (135277) LISTENER_APP: Listener Running. Count: 45[0m
[0;32mI (138277) LISTENER_APP: Listener Running. Count: 46[0m
[0;32mI (141277) LISTENER_APP: Listener Running. Count: 47[0m
[0;32mI (144277) LISTENER_APP: Listener Running. Count: 48[0m
[0;32mI (147277) LISTENER_APP: Listener Running. Count: 49[0m
[0;32mI (150277) LISTENER_APP: Listener Running. Count: 50[0m
[0;32mI (153277) LISTENER_APP: Listener Running. Count: 51[0m
[0;32mI (156277) LISTENER_APP: Listener Running. Count: 52[0m
[0;32mI (159277) LISTENER_APP: Listener Running. Count: 53[0m
[0;32mI (162277) LISTENER_APP: Listener Running. Count: 54[0m
[0;32mI (165277) LISTENER_APP: Listener Running. Count: 55[0m
[0;32mI (168277) LISTENER_APP: Listener Running. Count: 56[0m
[0;32mI (171277) LISTENER_APP: Listener Running. Count: 57[0m
[0;32mI (174277) LISTENER_APP: Listener Running. Count: 58[0m
[0;32mI (177277) LISTENER_APP: Listener Running. Count: 59[0m
[0;32mI (180277) LISTENER_APP: Listener Running. Count: 60[0m
[0;32mI (183277) LISTENER_APP: Listener Running. Count: 61[0m
[0;32mI (186277) LISTENER_APP: Listener Running. Count: 62[0m
[0;32mI (189277) LISTENER_APP: Listener Running. Count: 63[0m
[0;32mI (192277) LISTENER_APP: Listener Running. Count: 64[0m
[0;32mI (195277) LISTENER_APP: Listener Running. Count: 65[0m
[0;32mI (198277) LISTENER_APP: Listener Running. Count: 66[0m
[0;32mI (201277) LISTENER_APP: Listener Running. Count: 67[0m
[0;32mI (204277) LISTENER_APP: Listener Running. Count: 68[0m
[0;32mI (207277) LISTENER_APP: Listener Running. Count: 69[0m
[0;32mI (210277) LISTENER_APP: Listener Running. Count: 70[0m
[0;32mI (213277) LISTENER_APP: Listener Running. Count: 71[0m
[0;32mI (216277) LISTENER_APP: Listener Running. Count: 72[0m
[0;32mI (219277) LISTENER_APP: Listener Running. Count: 73[0m
[0;32mI (222277) LISTENER_APP: Listener Running. Count: 74[0m
[0;32mI (225277) LISTENER_APP: Listener Running. Count: 75[0m
[0;32mI (228277) LISTENER_APP: Listener Running. Count: 76[0m
[0;32mI (231277) LISTENER_APP: Listener Running. Count: 77[0m
[0;32mI (234277) LISTENER_APP: Listener Running. Count: 78[0m
[0;32mI (237277) LISTENER_APP: Listener Running. Count: 79[0m
[0;32mI (240277) LISTENER_APP: Listener Running. Count: 80[0m
[0;32mI (243277) LISTENER_APP: Listener Running. Count: 81[0m
[0;32mI (246277) LISTENER_APP: Listener Running. Count: 82[0m
[0;32mI (249277) LISTENER_APP: Listener Running. Count: 83[0m
[0;32mI (252277) LISTENER_APP: Listener Running. Count: 84[0m
[0;32mI (255277) LISTENER_APP: Listener Running. Count: 85[0m
[0;32mI (258277) LISTENER_APP: Listener Running. Count: 86[0m
